// Jest Snapshot v1, https://goo.gl/fbAQLP

exports[`<CountupBlock> render components 1`] = `
<div
  className="countup"
>
  <div
    className="number_block plain"
  >
    3
  </div>
  <button
    className="simple_btn"
    onClick={[Function]}
    type="button"
  >
    Click
  </button>
</div>
`;
